Component: ARM Compiler 5.06 update 6 (build 750) Tool: armlink [4d35ed]

==============================================================================

Section Cross References

    ex2a.o(RESET) refers to ex2a.o(Ex2a_Code) for Reset_Handler
    ex2a.o(Ex2a_Code) refers to ex2a.o(Ex2a_Data) for data_rw


==============================================================================

Image Symbol Table

    Local Symbols

    Symbol Name                              Value     Ov Type        Size  Object(Section)

    RESET                                    0x00000000   Section        8  ex2a.o(RESET)
    D:\G\Google Drive\Loughbrough\Year 2\Computer Architecture\Labs\Ex2a.s 0x00000000   Number         0  ex2a.o ABSOLUTE
    Ex2a_Code                                0x00000008   Section       44  ex2a.o(Ex2a_Code)
    data_ro                                  0x0000001c   Data           0  ex2a.o(Ex2a_Code)
    Ex2a_Data                                0x20000000   Section        4  ex2a.o(Ex2a_Data)
    data_rw                                  0x20000000   Data           0  ex2a.o(Ex2a_Data)

    Global Symbols

    Symbol Name                              Value     Ov Type        Size  Object(Section)

    BuildAttributes$$THM_ISAv4$P$D$K$B$S$PE$A:L22UL41UL21$X:L11$S22US41US21$IEEE1$IW$USESV6$~STKCKD$USESV7$~SHL$OSPACE$EBA8$STANDARDLIB$PRES8$EABIv2 0x00000000   Number         0  anon$$obj.o ABSOLUTE
    __Vectors                                0x00000000   Data           0  ex2a.o(RESET)
    Reset_Handler                            0x00000009   Thumb Code     0  ex2a.o(Ex2a_Code)



==============================================================================

Memory Map of the image

  Image Entry point : 0x00000009

  Load Region LR_1 (Base: 0x00000000, Size: 0x00000038, Max: 0xffffffff, ABSOLUTE)

    Execution Region ER_RO (Exec base: 0x00000000, Load base: 0x00000000, Size: 0x00000034, Max: 0xffffffff, ABSOLUTE)

    Exec Addr    Load Addr    Size         Type   Attr      Idx    E Section Name        Object

    0x00000000   0x00000000   0x00000008   Code   RO            1    RESET               ex2a.o
    0x00000008   0x00000008   0x0000002c   Code   RO            2  * Ex2a_Code           ex2a.o


    Execution Region ER_RW (Exec base: 0x20000000, Load base: 0x00000034, Size: 0x00000004, Max: 0xffffffff, ABSOLUTE)

    Exec Addr    Load Addr    Size         Type   Attr      Idx    E Section Name        Object

    0x20000000   0x00000034   0x00000004   Data   RW            3    Ex2a_Data           ex2a.o


    Execution Region ER_ZI (Exec base: 0x20000004, Load base: 0x00000038, Size: 0x00000000, Max: 0xffffffff, ABSOLUTE)

    **** No section assigned to this execution region ****


==============================================================================

Image component sizes


      Code (inc. data)   RO Data    RW Data    ZI Data      Debug   Object Name

        52         32          0          4          0        624   ex2a.o

    ----------------------------------------------------------------------
        52         32          0          4          0        624   Object Totals
         0          0          0          0          0          0   (incl. Generated)
         0          0          0          0          0          0   (incl. Padding)

    ----------------------------------------------------------------------
         0          0          0          0          0          0   Library Totals
         0          0          0          0          0          0   (incl. Padding)

    ----------------------------------------------------------------------

==============================================================================


      Code (inc. data)   RO Data    RW Data    ZI Data      Debug   

        52         32          0          4          0        624   Grand Totals
        52         32          0          4          0        624   ELF Image Totals
        52         32          0          4          0          0   ROM Totals

==============================================================================

    Total RO  Size (Code + RO Data)                   52 (   0.05kB)
    Total RW  Size (RW Data + ZI Data)                 4 (   0.00kB)
    Total ROM Size (Code + RO Data + RW Data)         56 (   0.05kB)

==============================================================================

